[0.125s] DEBUG:colcon:Command line arguments: ['/usr/bin/colcon', 'build', '--symlink-install']
[0.125s] DEBUG:colcon:Parsed command line arguments: Namespace(log_base=None, log_level=None, verb_name='build', build_base='build', install_base='install', merge_install=False, symlink_install=True, test_result_base=None, continue_on_error=False, executor='parallel', parallel_workers=16, event_handlers=None, ignore_user_meta=False, metas=['./colcon.meta'], base_paths=['.'], packages_ignore=None, packages_ignore_regex=None, paths=None, packages_up_to=None, packages_up_to_regex=None, packages_above=None, packages_above_and_dependencies=None, packages_above_depth=None, packages_select_by_dep=None, packages_skip_by_dep=None, packages_skip_up_to=None, packages_select_build_failed=False, packages_skip_build_finished=False, packages_select_test_failures=False, packages_skip_test_passed=False, packages_select=None, packages_skip=None, packages_select_regex=None, packages_skip_regex=None, packages_start=None, packages_end=None, allow_overriding=[], cmake_args=None, cmake_target=None, cmake_target_skip_unavailable=False, cmake_clean_cache=False, cmake_clean_first=False, cmake_force_configure=False, ament_cmake_args=None, catkin_cmake_args=None, catkin_skip_building_tests=False, mixin_files=None, mixin=None, verb_parser=<colcon_mixin.mixin.mixin_argument.MixinArgumentDecorator object at 0x7b90ee1b7860>, verb_extension=<colcon_core.verb.build.BuildVerb object at 0x7b90ee1b47a0>, main=<bound method BuildVerb.main of <colcon_core.verb.build.BuildVerb object at 0x7b90ee1b47a0>>, mixin_verb=('build',))
[0.159s] Level 1:colcon.colcon_core.package_discovery:discover_packages(colcon_meta) check parameters
[0.159s] Level 1:colcon.colcon_core.package_discovery:discover_packages(recursive) check parameters
[0.159s] Level 1:colcon.colcon_core.package_discovery:discover_packages(ignore) check parameters
[0.159s] Level 1:colcon.colcon_core.package_discovery:discover_packages(path) check parameters
[0.159s] Level 1:colcon.colcon_core.package_discovery:discover_packages(colcon_meta) discover
[0.159s] Level 1:colcon.colcon_core.package_discovery:discover_packages(recursive) discover
[0.159s] INFO:colcon.colcon_core.package_discovery:Crawling recursively for packages in '/home/fabin/rsg_ros2_ws'
[0.159s] Level 1:colcon.colcon_core.package_identification:_identify(.) by extensions ['ignore', 'ignore_ament_install']
[0.159s] Level 1:colcon.colcon_core.package_identification:_identify(.) by extension 'ignore'
[0.159s] Level 1:colcon.colcon_core.package_identification:_identify(.) by extension 'ignore_ament_install'
[0.159s] Level 1:colcon.colcon_core.package_identification:_identify(.) by extensions ['colcon_pkg']
[0.159s] Level 1:colcon.colcon_core.package_identification:_identify(.) by extension 'colcon_pkg'
[0.159s] Level 1:colcon.colcon_core.package_identification:_identify(.) by extensions ['colcon_meta']
[0.159s] Level 1:colcon.colcon_core.package_identification:_identify(.) by extension 'colcon_meta'
[0.159s] Level 1:colcon.colcon_core.package_identification:_identify(.) by extensions ['ros']
[0.159s] Level 1:colcon.colcon_core.package_identification:_identify(.) by extension 'ros'
[0.177s] Level 1:colcon.colcon_core.package_identification:_identify(.) by extensions ['cmake', 'python']
[0.177s] Level 1:colcon.colcon_core.package_identification:_identify(.) by extension 'cmake'
[0.177s] Level 1:colcon.colcon_core.package_identification:_identify(.) by extension 'python'
[0.177s] Level 1:colcon.colcon_core.package_identification:_identify(.) by extensions ['python_setup_py']
[0.177s] Level 1:colcon.colcon_core.package_identification:_identify(.) by extension 'python_setup_py'
[0.177s] Level 1:colcon.colcon_core.package_identification:_identify(build) by extensions ['ignore', 'ignore_ament_install']
[0.177s] Level 1:colcon.colcon_core.package_identification:_identify(build) by extension 'ignore'
[0.177s] Level 1:colcon.colcon_core.package_identification:_identify(build) ignored
[0.178s] Level 1:colcon.colcon_core.package_identification:_identify(install) by extensions ['ignore', 'ignore_ament_install']
[0.178s] Level 1:colcon.colcon_core.package_identification:_identify(install) by extension 'ignore'
[0.178s] Level 1:colcon.colcon_core.package_identification:_identify(install) ignored
[0.178s] Level 1:colcon.colcon_core.package_identification:_identify(log) by extensions ['ignore', 'ignore_ament_install']
[0.178s] Level 1:colcon.colcon_core.package_identification:_identify(log) by extension 'ignore'
[0.178s] Level 1:colcon.colcon_core.package_identification:_identify(log) ignored
[0.178s] Level 1:colcon.colcon_core.package_identification:_identify(src) by extensions ['ignore', 'ignore_ament_install']
[0.178s] Level 1:colcon.colcon_core.package_identification:_identify(src) by extension 'ignore'
[0.178s] Level 1:colcon.colcon_core.package_identification:_identify(src) by extension 'ignore_ament_install'
[0.178s] Level 1:colcon.colcon_core.package_identification:_identify(src) by extensions ['colcon_pkg']
[0.178s] Level 1:colcon.colcon_core.package_identification:_identify(src) by extension 'colcon_pkg'
[0.178s] Level 1:colcon.colcon_core.package_identification:_identify(src) by extensions ['colcon_meta']
[0.178s] Level 1:colcon.colcon_core.package_identification:_identify(src) by extension 'colcon_meta'
[0.178s] Level 1:colcon.colcon_core.package_identification:_identify(src) by extensions ['ros']
[0.178s] Level 1:colcon.colcon_core.package_identification:_identify(src) by extension 'ros'
[0.178s] Level 1:colcon.colcon_core.package_identification:_identify(src) by extensions ['cmake', 'python']
[0.178s] Level 1:colcon.colcon_core.package_identification:_identify(src) by extension 'cmake'
[0.178s] Level 1:colcon.colcon_core.package_identification:_identify(src) by extension 'python'
[0.178s] Level 1:colcon.colcon_core.package_identification:_identify(src) by extensions ['python_setup_py']
[0.178s] Level 1:colcon.colcon_core.package_identification:_identify(src) by extension 'python_setup_py'
[0.178s] Level 1:colcon.colcon_core.package_identification:_identify(src/risk_scene_graph_core) by extensions ['ignore', 'ignore_ament_install']
[0.178s] Level 1:colcon.colcon_core.package_identification:_identify(src/risk_scene_graph_core) by extension 'ignore'
[0.178s] Level 1:colcon.colcon_core.package_identification:_identify(src/risk_scene_graph_core) by extension 'ignore_ament_install'
[0.179s] Level 1:colcon.colcon_core.package_identification:_identify(src/risk_scene_graph_core) by extensions ['colcon_pkg']
[0.179s] Level 1:colcon.colcon_core.package_identification:_identify(src/risk_scene_graph_core) by extension 'colcon_pkg'
[0.179s] Level 1:colcon.colcon_core.package_identification:_identify(src/risk_scene_graph_core) by extensions ['colcon_meta']
[0.179s] Level 1:colcon.colcon_core.package_identification:_identify(src/risk_scene_graph_core) by extension 'colcon_meta'
[0.179s] Level 1:colcon.colcon_core.package_identification:_identify(src/risk_scene_graph_core) by extensions ['ros']
[0.179s] Level 1:colcon.colcon_core.package_identification:_identify(src/risk_scene_graph_core) by extension 'ros'
[0.180s] DEBUG:colcon.colcon_core.package_identification:Package 'src/risk_scene_graph_core' with type 'ros.ament_python' and name 'risk_scene_graph_core'
[0.180s] Level 1:colcon.colcon_core.package_identification:_identify(src/risk_scene_graph_ros) by extensions ['ignore', 'ignore_ament_install']
[0.180s] Level 1:colcon.colcon_core.package_identification:_identify(src/risk_scene_graph_ros) by extension 'ignore'
[0.180s] Level 1:colcon.colcon_core.package_identification:_identify(src/risk_scene_graph_ros) by extension 'ignore_ament_install'
[0.180s] Level 1:colcon.colcon_core.package_identification:_identify(src/risk_scene_graph_ros) by extensions ['colcon_pkg']
[0.180s] Level 1:colcon.colcon_core.package_identification:_identify(src/risk_scene_graph_ros) by extension 'colcon_pkg'
[0.181s] Level 1:colcon.colcon_core.package_identification:_identify(src/risk_scene_graph_ros) by extensions ['colcon_meta']
[0.181s] Level 1:colcon.colcon_core.package_identification:_identify(src/risk_scene_graph_ros) by extension 'colcon_meta'
[0.181s] Level 1:colcon.colcon_core.package_identification:_identify(src/risk_scene_graph_ros) by extensions ['ros']
[0.181s] Level 1:colcon.colcon_core.package_identification:_identify(src/risk_scene_graph_ros) by extension 'ros'
[0.181s] DEBUG:colcon.colcon_core.package_identification:Package 'src/risk_scene_graph_ros' with type 'ros.ament_python' and name 'risk_scene_graph_ros'
[0.181s] Level 1:colcon.colcon_core.package_discovery:discover_packages(recursive) using defaults
[0.181s] Level 1:colcon.colcon_core.package_discovery:discover_packages(ignore) discover
[0.181s] Level 1:colcon.colcon_core.package_discovery:discover_packages(ignore) using defaults
[0.181s] Level 1:colcon.colcon_core.package_discovery:discover_packages(path) discover
[0.181s] Level 1:colcon.colcon_core.package_discovery:discover_packages(path) using defaults
[0.198s] Level 1:colcon.colcon_core.package_discovery:discover_packages(prefix_path) check parameters
[0.198s] Level 1:colcon.colcon_core.package_discovery:discover_packages(prefix_path) discover
[0.202s] DEBUG:colcon.colcon_installed_package_information.package_discovery:Found 289 installed packages in /opt/ros/jazzy
[0.202s] Level 1:colcon.colcon_core.package_discovery:discover_packages(prefix_path) using defaults
[0.235s] Level 5:colcon.colcon_core.verb:set package 'risk_scene_graph_core' build argument 'cmake_args' from command line to 'None'
[0.235s] Level 5:colcon.colcon_core.verb:set package 'risk_scene_graph_core' build argument 'cmake_target' from command line to 'None'
[0.235s] Level 5:colcon.colcon_core.verb:set package 'risk_scene_graph_core' build argument 'cmake_target_skip_unavailable' from command line to 'False'
[0.235s] Level 5:colcon.colcon_core.verb:set package 'risk_scene_graph_core' build argument 'cmake_clean_cache' from command line to 'False'
[0.235s] Level 5:colcon.colcon_core.verb:set package 'risk_scene_graph_core' build argument 'cmake_clean_first' from command line to 'False'
[0.235s] Level 5:colcon.colcon_core.verb:set package 'risk_scene_graph_core' build argument 'cmake_force_configure' from command line to 'False'
[0.235s] Level 5:colcon.colcon_core.verb:set package 'risk_scene_graph_core' build argument 'ament_cmake_args' from command line to 'None'
[0.235s] Level 5:colcon.colcon_core.verb:set package 'risk_scene_graph_core' build argument 'catkin_cmake_args' from command line to 'None'
[0.235s] Level 5:colcon.colcon_core.verb:set package 'risk_scene_graph_core' build argument 'catkin_skip_building_tests' from command line to 'False'
[0.235s] DEBUG:colcon.colcon_core.verb:Building package 'risk_scene_graph_core' with the following arguments: {'ament_cmake_args': None, 'build_base': '/home/fabin/rsg_ros2_ws/build/risk_scene_graph_core', 'catkin_cmake_args': None, 'catkin_skip_building_tests': False, 'cmake_args': None, 'cmake_clean_cache': False, 'cmake_clean_first': False, 'cmake_force_configure': False, 'cmake_target': None, 'cmake_target_skip_unavailable': False, 'install_base': '/home/fabin/rsg_ros2_ws/install/risk_scene_graph_core', 'merge_install': False, 'path': '/home/fabin/rsg_ros2_ws/src/risk_scene_graph_core', 'symlink_install': True, 'test_result_base': None}
[0.235s] Level 5:colcon.colcon_core.verb:set package 'risk_scene_graph_ros' build argument 'cmake_args' from command line to 'None'
[0.235s] Level 5:colcon.colcon_core.verb:set package 'risk_scene_graph_ros' build argument 'cmake_target' from command line to 'None'
[0.235s] Level 5:colcon.colcon_core.verb:set package 'risk_scene_graph_ros' build argument 'cmake_target_skip_unavailable' from command line to 'False'
[0.235s] Level 5:colcon.colcon_core.verb:set package 'risk_scene_graph_ros' build argument 'cmake_clean_cache' from command line to 'False'
[0.235s] Level 5:colcon.colcon_core.verb:set package 'risk_scene_graph_ros' build argument 'cmake_clean_first' from command line to 'False'
[0.235s] Level 5:colcon.colcon_core.verb:set package 'risk_scene_graph_ros' build argument 'cmake_force_configure' from command line to 'False'
[0.235s] Level 5:colcon.colcon_core.verb:set package 'risk_scene_graph_ros' build argument 'ament_cmake_args' from command line to 'None'
[0.235s] Level 5:colcon.colcon_core.verb:set package 'risk_scene_graph_ros' build argument 'catkin_cmake_args' from command line to 'None'
[0.235s] Level 5:colcon.colcon_core.verb:set package 'risk_scene_graph_ros' build argument 'catkin_skip_building_tests' from command line to 'False'
[0.235s] DEBUG:colcon.colcon_core.verb:Building package 'risk_scene_graph_ros' with the following arguments: {'ament_cmake_args': None, 'build_base': '/home/fabin/rsg_ros2_ws/build/risk_scene_graph_ros', 'catkin_cmake_args': None, 'catkin_skip_building_tests': False, 'cmake_args': None, 'cmake_clean_cache': False, 'cmake_clean_first': False, 'cmake_force_configure': False, 'cmake_target': None, 'cmake_target_skip_unavailable': False, 'install_base': '/home/fabin/rsg_ros2_ws/install/risk_scene_graph_ros', 'merge_install': False, 'path': '/home/fabin/rsg_ros2_ws/src/risk_scene_graph_ros', 'symlink_install': True, 'test_result_base': None}
[0.235s] INFO:colcon.colcon_core.executor:Executing jobs using 'parallel' executor
[0.236s] DEBUG:colcon.colcon_parallel_executor.executor.parallel:run_until_complete
[0.236s] INFO:colcon.colcon_ros.task.ament_python.build:Building ROS package in '/home/fabin/rsg_ros2_ws/src/risk_scene_graph_core' with build type 'ament_python'
[0.236s] Level 1:colcon.colcon_core.shell:create_environment_hook('risk_scene_graph_core', 'ament_prefix_path')
[0.241s] INFO:colcon.colcon_core.plugin_system:Skipping extension 'colcon_core.shell.bat': Not used on non-Windows systems
[0.241s] INFO:colcon.colcon_core.shell:Creating environment hook '/home/fabin/rsg_ros2_ws/install/risk_scene_graph_core/share/risk_scene_graph_core/hook/ament_prefix_path.ps1'
[0.242s] INFO:colcon.colcon_core.shell:Creating environment descriptor '/home/fabin/rsg_ros2_ws/install/risk_scene_graph_core/share/risk_scene_graph_core/hook/ament_prefix_path.dsv'
[0.242s] INFO:colcon.colcon_core.shell:Creating environment hook '/home/fabin/rsg_ros2_ws/install/risk_scene_graph_core/share/risk_scene_graph_core/hook/ament_prefix_path.sh'
[0.243s] INFO:colcon.colcon_core.shell:Skip shell extension 'powershell' for command environment: Not usable outside of PowerShell
[0.243s] DEBUG:colcon.colcon_core.shell:Skip shell extension 'dsv' for command environment
[0.245s] INFO:colcon.colcon_ros.task.ament_python.build:Building ROS package in '/home/fabin/rsg_ros2_ws/src/risk_scene_graph_ros' with build type 'ament_python'
[0.246s] Level 1:colcon.colcon_core.shell:create_environment_hook('risk_scene_graph_ros', 'ament_prefix_path')
[0.246s] INFO:colcon.colcon_core.shell:Creating environment hook '/home/fabin/rsg_ros2_ws/install/risk_scene_graph_ros/share/risk_scene_graph_ros/hook/ament_prefix_path.ps1'
[0.247s] INFO:colcon.colcon_core.shell:Creating environment descriptor '/home/fabin/rsg_ros2_ws/install/risk_scene_graph_ros/share/risk_scene_graph_ros/hook/ament_prefix_path.dsv'
[0.247s] INFO:colcon.colcon_core.shell:Creating environment hook '/home/fabin/rsg_ros2_ws/install/risk_scene_graph_ros/share/risk_scene_graph_ros/hook/ament_prefix_path.sh'
[0.247s] INFO:colcon.colcon_core.shell:Skip shell extension 'powershell' for command environment: Not usable outside of PowerShell
[0.247s] DEBUG:colcon.colcon_core.shell:Skip shell extension 'dsv' for command environment
[0.412s] INFO:colcon.colcon_core.task.python.build:Building Python package in '/home/fabin/rsg_ros2_ws/src/risk_scene_graph_core'
[0.412s] INFO:colcon.colcon_core.shell:Skip shell extension 'powershell' for command environment: Not usable outside of PowerShell
[0.412s] DEBUG:colcon.colcon_core.shell:Skip shell extension 'dsv' for command environment
[0.577s] INFO:colcon.colcon_core.task.python.build:Building Python package in '/home/fabin/rsg_ros2_ws/src/risk_scene_graph_ros'
[0.578s] INFO:colcon.colcon_core.shell:Skip shell extension 'powershell' for command environment: Not usable outside of PowerShell
[0.578s] DEBUG:colcon.colcon_core.shell:Skip shell extension 'dsv' for command environment
[1.166s] DEBUG:colcon.colcon_core.event_handler.log_command:Invoking command in '/home/fabin/rsg_ros2_ws/build/risk_scene_graph_core': DEBUGINFOD_URLS=https://debuginfod.ubuntu.com PS1=(.venv) \[\e]0;\u@\h: \w\a\]${debian_chroot:+($debian_chroot)}\[\033[01;32m\]\u@\h\[\033[00m\]:\[\033[01;34m\]\w\[\033[00m\]\$ PYTHONPATH=/home/fabin/rsg_ros2_ws/build/risk_scene_graph_core/prefix_override:/usr/lib/python3/dist-packages/colcon_core/task/python/colcon_distutils_commands:/home/fabin/rsg_ros2_ws/install/risk_scene_graph_core/lib/python3.12/site-packages:${PYTHONPATH} /usr/bin/python3 -W ignore:setup.py install is deprecated -W ignore:easy_install command is deprecated setup.py develop --editable --build-directory /home/fabin/rsg_ros2_ws/build/risk_scene_graph_core/build --no-deps symlink_data
[1.173s] DEBUG:colcon.colcon_core.event_handler.log_command:Invoking command in '/home/fabin/rsg_ros2_ws/build/risk_scene_graph_ros': DEBUGINFOD_URLS=https://debuginfod.ubuntu.com PS1=(.venv) \[\e]0;\u@\h: \w\a\]${debian_chroot:+($debian_chroot)}\[\033[01;32m\]\u@\h\[\033[00m\]:\[\033[01;34m\]\w\[\033[00m\]\$ PYTHONPATH=/home/fabin/rsg_ros2_ws/build/risk_scene_graph_ros/prefix_override:/usr/lib/python3/dist-packages/colcon_core/task/python/colcon_distutils_commands:/home/fabin/rsg_ros2_ws/install/risk_scene_graph_ros/lib/python3.12/site-packages:${PYTHONPATH} /usr/bin/python3 -W ignore:setup.py install is deprecated -W ignore:easy_install command is deprecated setup.py develop --editable --build-directory /home/fabin/rsg_ros2_ws/build/risk_scene_graph_ros/build --no-deps symlink_data
[1.708s] Level 1:colcon.colcon_core.shell:create_environment_hook('risk_scene_graph_core', 'pythonpath_develop')
[1.708s] INFO:colcon.colcon_core.shell:Creating environment hook '/home/fabin/rsg_ros2_ws/build/risk_scene_graph_core/share/risk_scene_graph_core/hook/pythonpath_develop.ps1'
[1.709s] DEBUG:colcon.colcon_core.event_handler.log_command:Invoked command in '/home/fabin/rsg_ros2_ws/build/risk_scene_graph_core' returned '0': DEBUGINFOD_URLS=https://debuginfod.ubuntu.com PS1=(.venv) \[\e]0;\u@\h: \w\a\]${debian_chroot:+($debian_chroot)}\[\033[01;32m\]\u@\h\[\033[00m\]:\[\033[01;34m\]\w\[\033[00m\]\$ PYTHONPATH=/home/fabin/rsg_ros2_ws/build/risk_scene_graph_core/prefix_override:/usr/lib/python3/dist-packages/colcon_core/task/python/colcon_distutils_commands:/home/fabin/rsg_ros2_ws/install/risk_scene_graph_core/lib/python3.12/site-packages:${PYTHONPATH} /usr/bin/python3 -W ignore:setup.py install is deprecated -W ignore:easy_install command is deprecated setup.py develop --editable --build-directory /home/fabin/rsg_ros2_ws/build/risk_scene_graph_core/build --no-deps symlink_data
[1.709s] INFO:colcon.colcon_core.shell:Creating environment descriptor '/home/fabin/rsg_ros2_ws/build/risk_scene_graph_core/share/risk_scene_graph_core/hook/pythonpath_develop.dsv'
[1.709s] INFO:colcon.colcon_core.shell:Creating environment hook '/home/fabin/rsg_ros2_ws/build/risk_scene_graph_core/share/risk_scene_graph_core/hook/pythonpath_develop.sh'
[1.715s] Level 1:colcon.colcon_core.environment:checking '/home/fabin/rsg_ros2_ws/install/risk_scene_graph_core' for CMake module files
[1.716s] Level 1:colcon.colcon_core.environment:checking '/home/fabin/rsg_ros2_ws/install/risk_scene_graph_core' for CMake config files
[1.716s] Level 1:colcon.colcon_core.environment:checking '/home/fabin/rsg_ros2_ws/install/risk_scene_graph_core/lib'
[1.716s] Level 1:colcon.colcon_core.environment:checking '/home/fabin/rsg_ros2_ws/install/risk_scene_graph_core/bin'
[1.716s] Level 1:colcon.colcon_core.environment:checking '/home/fabin/rsg_ros2_ws/install/risk_scene_graph_core/lib/pkgconfig/risk_scene_graph_core.pc'
[1.717s] Level 1:colcon.colcon_core.environment:checking '/home/fabin/rsg_ros2_ws/install/risk_scene_graph_core/lib/python3.12/site-packages'
[1.717s] Level 1:colcon.colcon_core.shell:create_environment_hook('risk_scene_graph_core', 'pythonpath')
[1.717s] INFO:colcon.colcon_core.shell:Creating environment hook '/home/fabin/rsg_ros2_ws/install/risk_scene_graph_core/share/risk_scene_graph_core/hook/pythonpath.ps1'
[1.717s] INFO:colcon.colcon_core.shell:Creating environment descriptor '/home/fabin/rsg_ros2_ws/install/risk_scene_graph_core/share/risk_scene_graph_core/hook/pythonpath.dsv'
[1.717s] INFO:colcon.colcon_core.shell:Creating environment hook '/home/fabin/rsg_ros2_ws/install/risk_scene_graph_core/share/risk_scene_graph_core/hook/pythonpath.sh'
[1.718s] Level 1:colcon.colcon_core.environment:checking '/home/fabin/rsg_ros2_ws/install/risk_scene_graph_core/bin'
[1.718s] Level 1:colcon.colcon_core.environment:create_environment_scripts_only(risk_scene_graph_core)
[1.718s] INFO:colcon.colcon_core.shell:Creating package script '/home/fabin/rsg_ros2_ws/install/risk_scene_graph_core/share/risk_scene_graph_core/package.ps1'
[1.719s] INFO:colcon.colcon_core.shell:Creating package descriptor '/home/fabin/rsg_ros2_ws/install/risk_scene_graph_core/share/risk_scene_graph_core/package.dsv'
[1.719s] INFO:colcon.colcon_core.shell:Creating package script '/home/fabin/rsg_ros2_ws/install/risk_scene_graph_core/share/risk_scene_graph_core/package.sh'
[1.720s] INFO:colcon.colcon_core.shell:Creating package script '/home/fabin/rsg_ros2_ws/install/risk_scene_graph_core/share/risk_scene_graph_core/package.bash'
[1.721s] INFO:colcon.colcon_core.shell:Creating package script '/home/fabin/rsg_ros2_ws/install/risk_scene_graph_core/share/risk_scene_graph_core/package.zsh'
[1.722s] Level 1:colcon.colcon_core.environment:create_file_with_runtime_dependencies(/home/fabin/rsg_ros2_ws/install/risk_scene_graph_core/share/colcon-core/packages/risk_scene_graph_core)
[1.722s] Level 1:colcon.colcon_core.shell:create_environment_hook('risk_scene_graph_ros', 'pythonpath_develop')
[1.722s] INFO:colcon.colcon_core.shell:Creating environment hook '/home/fabin/rsg_ros2_ws/build/risk_scene_graph_ros/share/risk_scene_graph_ros/hook/pythonpath_develop.ps1'
[1.723s] INFO:colcon.colcon_core.shell:Creating environment descriptor '/home/fabin/rsg_ros2_ws/build/risk_scene_graph_ros/share/risk_scene_graph_ros/hook/pythonpath_develop.dsv'
[1.723s] INFO:colcon.colcon_core.shell:Creating environment hook '/home/fabin/rsg_ros2_ws/build/risk_scene_graph_ros/share/risk_scene_graph_ros/hook/pythonpath_develop.sh'
[1.724s] DEBUG:colcon.colcon_core.event_handler.log_command:Invoked command in '/home/fabin/rsg_ros2_ws/build/risk_scene_graph_ros' returned '0': DEBUGINFOD_URLS=https://debuginfod.ubuntu.com PS1=(.venv) \[\e]0;\u@\h: \w\a\]${debian_chroot:+($debian_chroot)}\[\033[01;32m\]\u@\h\[\033[00m\]:\[\033[01;34m\]\w\[\033[00m\]\$ PYTHONPATH=/home/fabin/rsg_ros2_ws/build/risk_scene_graph_ros/prefix_override:/usr/lib/python3/dist-packages/colcon_core/task/python/colcon_distutils_commands:/home/fabin/rsg_ros2_ws/install/risk_scene_graph_ros/lib/python3.12/site-packages:${PYTHONPATH} /usr/bin/python3 -W ignore:setup.py install is deprecated -W ignore:easy_install command is deprecated setup.py develop --editable --build-directory /home/fabin/rsg_ros2_ws/build/risk_scene_graph_ros/build --no-deps symlink_data
[1.724s] Level 1:colcon.colcon_core.environment:checking '/home/fabin/rsg_ros2_ws/install/risk_scene_graph_ros' for CMake module files
[1.724s] Level 1:colcon.colcon_core.environment:checking '/home/fabin/rsg_ros2_ws/install/risk_scene_graph_ros' for CMake config files
[1.725s] Level 1:colcon.colcon_core.environment:checking '/home/fabin/rsg_ros2_ws/install/risk_scene_graph_ros/lib'
[1.725s] Level 1:colcon.colcon_core.environment:checking '/home/fabin/rsg_ros2_ws/install/risk_scene_graph_ros/bin'
[1.725s] Level 1:colcon.colcon_core.environment:checking '/home/fabin/rsg_ros2_ws/install/risk_scene_graph_ros/lib/pkgconfig/risk_scene_graph_ros.pc'
[1.725s] Level 1:colcon.colcon_core.environment:checking '/home/fabin/rsg_ros2_ws/install/risk_scene_graph_ros/lib/python3.12/site-packages'
[1.725s] Level 1:colcon.colcon_core.shell:create_environment_hook('risk_scene_graph_ros', 'pythonpath')
[1.725s] INFO:colcon.colcon_core.shell:Creating environment hook '/home/fabin/rsg_ros2_ws/install/risk_scene_graph_ros/share/risk_scene_graph_ros/hook/pythonpath.ps1'
[1.725s] INFO:colcon.colcon_core.shell:Creating environment descriptor '/home/fabin/rsg_ros2_ws/install/risk_scene_graph_ros/share/risk_scene_graph_ros/hook/pythonpath.dsv'
[1.726s] INFO:colcon.colcon_core.shell:Creating environment hook '/home/fabin/rsg_ros2_ws/install/risk_scene_graph_ros/share/risk_scene_graph_ros/hook/pythonpath.sh'
[1.726s] Level 1:colcon.colcon_core.environment:checking '/home/fabin/rsg_ros2_ws/install/risk_scene_graph_ros/bin'
[1.726s] Level 1:colcon.colcon_core.environment:create_environment_scripts_only(risk_scene_graph_ros)
[1.726s] INFO:colcon.colcon_core.shell:Creating package script '/home/fabin/rsg_ros2_ws/install/risk_scene_graph_ros/share/risk_scene_graph_ros/package.ps1'
[1.727s] INFO:colcon.colcon_core.shell:Creating package descriptor '/home/fabin/rsg_ros2_ws/install/risk_scene_graph_ros/share/risk_scene_graph_ros/package.dsv'
[1.727s] INFO:colcon.colcon_core.shell:Creating package script '/home/fabin/rsg_ros2_ws/install/risk_scene_graph_ros/share/risk_scene_graph_ros/package.sh'
[1.727s] INFO:colcon.colcon_core.shell:Creating package script '/home/fabin/rsg_ros2_ws/install/risk_scene_graph_ros/share/risk_scene_graph_ros/package.bash'
[1.728s] INFO:colcon.colcon_core.shell:Creating package script '/home/fabin/rsg_ros2_ws/install/risk_scene_graph_ros/share/risk_scene_graph_ros/package.zsh'
[1.728s] Level 1:colcon.colcon_core.environment:create_file_with_runtime_dependencies(/home/fabin/rsg_ros2_ws/install/risk_scene_graph_ros/share/colcon-core/packages/risk_scene_graph_ros)
[1.728s] DEBUG:colcon.colcon_parallel_executor.executor.parallel:closing loop
[1.728s] DEBUG:colcon.colcon_parallel_executor.executor.parallel:loop closed
[1.728s] DEBUG:colcon.colcon_parallel_executor.executor.parallel:run_until_complete finished with '0'
[1.728s] DEBUG:colcon.colcon_core.event_reactor:joining thread
[1.736s] INFO:colcon.colcon_core.plugin_system:Skipping extension 'colcon_notification.desktop_notification.terminal_notifier': Not used on non-Darwin systems
[1.736s] INFO:colcon.colcon_core.plugin_system:Skipping extension 'colcon_notification.desktop_notification.win32': Not used on non-Windows systems
[1.736s] INFO:colcon.colcon_notification.desktop_notification:Sending desktop notification using 'notify2'
[1.767s] DEBUG:colcon.colcon_core.event_reactor:joined thread
[1.767s] INFO:colcon.colcon_core.shell:Creating prefix script '/home/fabin/rsg_ros2_ws/install/local_setup.ps1'
[1.768s] INFO:colcon.colcon_core.shell:Creating prefix util module '/home/fabin/rsg_ros2_ws/install/_local_setup_util_ps1.py'
[1.769s] INFO:colcon.colcon_core.shell:Creating prefix chain script '/home/fabin/rsg_ros2_ws/install/setup.ps1'
[1.769s] INFO:colcon.colcon_core.shell:Creating prefix script '/home/fabin/rsg_ros2_ws/install/local_setup.sh'
[1.770s] INFO:colcon.colcon_core.shell:Creating prefix util module '/home/fabin/rsg_ros2_ws/install/_local_setup_util_sh.py'
[1.770s] INFO:colcon.colcon_core.shell:Creating prefix chain script '/home/fabin/rsg_ros2_ws/install/setup.sh'
[1.771s] INFO:colcon.colcon_core.shell:Creating prefix script '/home/fabin/rsg_ros2_ws/install/local_setup.bash'
[1.772s] INFO:colcon.colcon_core.shell:Creating prefix chain script '/home/fabin/rsg_ros2_ws/install/setup.bash'
[1.772s] INFO:colcon.colcon_core.shell:Creating prefix script '/home/fabin/rsg_ros2_ws/install/local_setup.zsh'
[1.773s] INFO:colcon.colcon_core.shell:Creating prefix chain script '/home/fabin/rsg_ros2_ws/install/setup.zsh'
