running develop
running egg_info
creating risk_scene_graph_ros.egg-info
writing risk_scene_graph_ros.egg-info/PKG-INFO
writing dependency_links to risk_scene_graph_ros.egg-info/dependency_links.txt
writing entry points to risk_scene_graph_ros.egg-info/entry_points.txt
writing requirements to risk_scene_graph_ros.egg-info/requires.txt
writing top-level names to risk_scene_graph_ros.egg-info/top_level.txt
writing manifest file 'risk_scene_graph_ros.egg-info/SOURCES.txt'
reading manifest file 'risk_scene_graph_ros.egg-info/SOURCES.txt'
writing manifest file 'risk_scene_graph_ros.egg-info/SOURCES.txt'
running build_ext
Creating /home/fabin/rsg_ros2_ws/install/risk_scene_graph_ros/lib/python3.12/site-packages/risk-scene-graph-ros.egg-link (link to .)
Installing rsg_pipeline_node script to /home/fabin/rsg_ros2_ws/install/risk_scene_graph_ros/lib/risk_scene_graph_ros

Installed /home/fabin/rsg_ros2_ws/build/risk_scene_graph_ros
running symlink_data
creating /home/fabin/rsg_ros2_ws/install/risk_scene_graph_ros/share/ament_index
creating /home/fabin/rsg_ros2_ws/install/risk_scene_graph_ros/share/ament_index/resource_index
creating /home/fabin/rsg_ros2_ws/install/risk_scene_graph_ros/share/ament_index/resource_index/packages
symbolically linking /home/fabin/rsg_ros2_ws/build/risk_scene_graph_ros/resource/risk_scene_graph_ros -> /home/fabin/rsg_ros2_ws/install/risk_scene_graph_ros/share/ament_index/resource_index/packages
symbolically linking /home/fabin/rsg_ros2_ws/build/risk_scene_graph_ros/package.xml -> /home/fabin/rsg_ros2_ws/install/risk_scene_graph_ros/share/risk_scene_graph_ros
creating /home/fabin/rsg_ros2_ws/install/risk_scene_graph_ros/share/risk_scene_graph_ros/launch
symbolically linking /home/fabin/rsg_ros2_ws/build/risk_scene_graph_ros/launch/rsg_live.launch.py -> /home/fabin/rsg_ros2_ws/install/risk_scene_graph_ros/share/risk_scene_graph_ros/launch
creating /home/fabin/rsg_ros2_ws/install/risk_scene_graph_ros/share/risk_scene_graph_ros/config
symbolically linking /home/fabin/rsg_ros2_ws/build/risk_scene_graph_ros/config/rsg_ros_params.yaml -> /home/fabin/rsg_ros2_ws/install/risk_scene_graph_ros/share/risk_scene_graph_ros/config
