[0.927s] Invoking command in '/home/fabin/rsg_ros2_ws/build/risk_scene_graph_ros': DEBUGINFOD_URLS=https://debuginfod.ubuntu.com PS1=(.venv) \[\e]0;\u@\h: \w\a\]${debian_chroot:+($debian_chroot)}\[\033[01;32m\]\u@\h\[\033[00m\]:\[\033[01;34m\]\w\[\033[00m\]\$ PYTHONPATH=/home/fabin/rsg_ros2_ws/build/risk_scene_graph_ros/prefix_override:/usr/lib/python3/dist-packages/colcon_core/task/python/colcon_distutils_commands:/home/fabin/rsg_ros2_ws/install/risk_scene_graph_ros/lib/python3.12/site-packages:${PYTHONPATH} /usr/bin/python3 -W ignore:setup.py install is deprecated -W ignore:easy_install command is deprecated setup.py develop --editable --build-directory /home/fabin/rsg_ros2_ws/build/risk_scene_graph_ros/build --no-deps symlink_data
[1.189s] running develop
[1.361s] running egg_info
[1.362s] creating risk_scene_graph_ros.egg-info
[1.377s] writing risk_scene_graph_ros.egg-info/PKG-INFO
[1.378s] writing dependency_links to risk_scene_graph_ros.egg-info/dependency_links.txt
[1.378s] writing entry points to risk_scene_graph_ros.egg-info/entry_points.txt
[1.378s] writing requirements to risk_scene_graph_ros.egg-info/requires.txt
[1.378s] writing top-level names to risk_scene_graph_ros.egg-info/top_level.txt
[1.378s] writing manifest file 'risk_scene_graph_ros.egg-info/SOURCES.txt'
[1.411s] reading manifest file 'risk_scene_graph_ros.egg-info/SOURCES.txt'
[1.411s] writing manifest file 'risk_scene_graph_ros.egg-info/SOURCES.txt'
[1.428s] running build_ext
[1.429s] Creating /home/fabin/rsg_ros2_ws/install/risk_scene_graph_ros/lib/python3.12/site-packages/risk-scene-graph-ros.egg-link (link to .)
[1.429s] Installing rsg_pipeline_node script to /home/fabin/rsg_ros2_ws/install/risk_scene_graph_ros/lib/risk_scene_graph_ros
[1.430s] 
[1.430s] Installed /home/fabin/rsg_ros2_ws/build/risk_scene_graph_ros
[1.430s] running symlink_data
[1.430s] creating /home/fabin/rsg_ros2_ws/install/risk_scene_graph_ros/share/ament_index
[1.430s] creating /home/fabin/rsg_ros2_ws/install/risk_scene_graph_ros/share/ament_index/resource_index
[1.430s] creating /home/fabin/rsg_ros2_ws/install/risk_scene_graph_ros/share/ament_index/resource_index/packages
[1.430s] symbolically linking /home/fabin/rsg_ros2_ws/build/risk_scene_graph_ros/resource/risk_scene_graph_ros -> /home/fabin/rsg_ros2_ws/install/risk_scene_graph_ros/share/ament_index/resource_index/packages
[1.431s] symbolically linking /home/fabin/rsg_ros2_ws/build/risk_scene_graph_ros/package.xml -> /home/fabin/rsg_ros2_ws/install/risk_scene_graph_ros/share/risk_scene_graph_ros
[1.431s] creating /home/fabin/rsg_ros2_ws/install/risk_scene_graph_ros/share/risk_scene_graph_ros/launch
[1.431s] symbolically linking /home/fabin/rsg_ros2_ws/build/risk_scene_graph_ros/launch/rsg_live.launch.py -> /home/fabin/rsg_ros2_ws/install/risk_scene_graph_ros/share/risk_scene_graph_ros/launch
[1.431s] creating /home/fabin/rsg_ros2_ws/install/risk_scene_graph_ros/share/risk_scene_graph_ros/config
[1.431s] symbolically linking /home/fabin/rsg_ros2_ws/build/risk_scene_graph_ros/config/rsg_ros_params.yaml -> /home/fabin/rsg_ros2_ws/install/risk_scene_graph_ros/share/risk_scene_graph_ros/config
[1.478s] Invoked command in '/home/fabin/rsg_ros2_ws/build/risk_scene_graph_ros' returned '0': DEBUGINFOD_URLS=https://debuginfod.ubuntu.com PS1=(.venv) \[\e]0;\u@\h: \w\a\]${debian_chroot:+($debian_chroot)}\[\033[01;32m\]\u@\h\[\033[00m\]:\[\033[01;34m\]\w\[\033[00m\]\$ PYTHONPATH=/home/fabin/rsg_ros2_ws/build/risk_scene_graph_ros/prefix_override:/usr/lib/python3/dist-packages/colcon_core/task/python/colcon_distutils_commands:/home/fabin/rsg_ros2_ws/install/risk_scene_graph_ros/lib/python3.12/site-packages:${PYTHONPATH} /usr/bin/python3 -W ignore:setup.py install is deprecated -W ignore:easy_install command is deprecated setup.py develop --editable --build-directory /home/fabin/rsg_ros2_ws/build/risk_scene_graph_ros/build --no-deps symlink_data
